// Jest Snapshot v1, https://goo.gl/fbAQLP

exports[`renders without crashing 1`] = `
<a
  href="http://localhost:8080/login"
>
  Sign In
</a>
`;
